// Jest Snapshot v1, https://goo.gl/fbAQLP

exports[`Header renders correctly 1`] = `
<div
  className="shadow flex items-center justify-center flex-col mb-2 py-2"
>
  <mockConstructor
    to="/"
  >
    <h1
      className="text-base font-bold font-title sm:text-2xl font-medium text-green-900 flex justify-center items-center flex-col"
    >
      <img
        alt="github profile markdown generator logo"
        className="w-12 h-12"
        src="test-file-stub"
      />
      <div>
        heading
      </div>
    </h1>
  </mockConstructor>
</div>
`;
